--------------------------------------------------------------------------------
Release 14.7 Trace  (nt64)
Copyright (c) 1995-2013 Xilinx, Inc.  All rights reserved.

C:\Xilinx\14.7\ISE_DS\ISE\bin\nt64\unwrapped\trce.exe -intstyle ise -v 3 -s 4
-n 3 -fastpaths -xml protection.twx protection.ncd -o protection.twr
protection.pcf

Design file:              protection.ncd
Physical constraint file: protection.pcf
Device,package,speed:     xc3s50a,tq144,-4 (PRODUCTION 1.42 2013-10-13)
Report level:             verbose report

Environment Variable      Effect 
--------------------      ------ 
NONE                      No environment variables were set
--------------------------------------------------------------------------------

INFO:Timing:2698 - No timing constraints found, doing default enumeration.
INFO:Timing:3412 - To improve timing, see the Timing Closure User Guide (UG612).
INFO:Timing:2752 - To get complete path coverage, use the unconstrained paths 
   option. All paths that are not constrained will be reported in the 
   unconstrained paths section(s) of the report.
INFO:Timing:3339 - The clock-to-out numbers in this timing report are based on 
   a 50 Ohm transmission line loading model.  For the details of this model, 
   and for more information on accounting for different loading conditions, 
   please see the device datasheet.
INFO:Timing:3390 - This architecture does not support a default System Jitter 
   value, please add SYSTEM_JITTER constraint to the UCF to modify the Clock 
   Uncertainty calculation.
INFO:Timing:3389 - This architecture does not support 'Discrete Jitter' and 
   'Phase Error' calculations, these terms will be zero in the Clock 
   Uncertainty calculation.  Please make appropriate modification to 
   SYSTEM_JITTER to account for the unsupported Discrete Jitter and Phase 
   Error.



Data Sheet report:
-----------------
All values displayed in nanoseconds (ns)

Setup/Hold to clock CLK
------------+------------+------------+------------------+--------+
            |Max Setup to|Max Hold to |                  | Clock  |
Source      | clk (edge) | clk (edge) |Internal Clock(s) | Phase  |
------------+------------+------------+------------------+--------+
RGA<0>      |    1.107(R)|   -0.068(R)|CLK_BUFGP         |   0.000|
RGA<1>      |    0.730(R)|    0.234(R)|CLK_BUFGP         |   0.000|
RGA<2>      |    0.867(R)|    0.124(R)|CLK_BUFGP         |   0.000|
RST         |    1.858(R)|    0.197(R)|CLK_BUFGP         |   0.000|
------------+------------+------------+------------------+--------+

Clock CLK to Pad
------------+------------+------------------+--------+
            | clk (edge) |                  | Clock  |
Destination |   to PAD   |Internal Clock(s) | Phase  |
------------+------------+------------------+--------+
RGZ<0>      |    6.939(R)|CLK_BUFGP         |   0.000|
RGZ<1>      |    6.894(R)|CLK_BUFGP         |   0.000|
RGZ<2>      |    7.416(R)|CLK_BUFGP         |   0.000|
RGZ<3>      |    7.167(R)|CLK_BUFGP         |   0.000|
RGZ<4>      |    6.953(R)|CLK_BUFGP         |   0.000|
RGZ<5>      |    6.849(R)|CLK_BUFGP         |   0.000|
RGZ<6>      |    7.613(R)|CLK_BUFGP         |   0.000|
RGZ<7>      |    7.471(R)|CLK_BUFGP         |   0.000|
------------+------------+------------------+--------+

Clock to Setup on destination clock CLK
---------------+---------+---------+---------+---------+
               | Src:Rise| Src:Fall| Src:Rise| Src:Fall|
Source Clock   |Dest:Rise|Dest:Rise|Dest:Fall|Dest:Fall|
---------------+---------+---------+---------+---------+
CLK            |    2.563|         |         |         |
---------------+---------+---------+---------+---------+


Analysis completed Wed Jun 14 09:03:33 2017 
--------------------------------------------------------------------------------

Trace Settings:
-------------------------
Trace Settings 

Peak Memory Usage: 213 MB



